// Jest Snapshot v1, https://goo.gl/fbAQLP

exports[`ErrorComponent rendering specification ErrorComponent is rendered 1`] = `
<div
  className="makeStyles-App-1"
>
  <div
    className="makeStyles-dashboard-12"
  >
    <span
      className="makeStyles-errorMsg-6"
    />
    <button
      className="MuiButtonBase-root MuiButton-root MuiButton-outlined MuiButton-outlinedSizeSmall MuiButton-sizeSmall"
      disabled={false}
      onBlur={[Function]}
      onClick={[Function]}
      onDragLeave={[Function]}
      onFocus={[Function]}
      onKeyDown={[Function]}
      onKeyUp={[Function]}
      onMouseDown={[Function]}
      onMouseLeave={[Function]}
      onMouseUp={[Function]}
      onTouchEnd={[Function]}
      onTouchMove={[Function]}
      onTouchStart={[Function]}
      tabIndex={0}
      type="button"
    >
      <span
        className="MuiButton-label"
      >
        Powr√≥t
      </span>
    </button>
  </div>
</div>
`;
