// Jest Snapshot v1, https://goo.gl/fbAQLP

exports[`NotFoundComponent rendering specification NotFoundComponent is rendered 1`] = `
<div
  className="makeStyles-dashboard-12"
>
  <span
    className="makeStyles-errorMsg-6"
  >
    Nie znaleziono strony
  </span>
  <button
    className="MuiButtonBase-root MuiButton-root MuiButton-outlined MuiButton-outlinedSizeSmall MuiButton-sizeSmall"
    disabled={false}
    onBlur={[Function]}
    onClick={[Function]}
    onDragLeave={[Function]}
    onFocus={[Function]}
    onKeyDown={[Function]}
    onKeyUp={[Function]}
    onMouseDown={[Function]}
    onMouseLeave={[Function]}
    onMouseUp={[Function]}
    onTouchEnd={[Function]}
    onTouchMove={[Function]}
    onTouchStart={[Function]}
    tabIndex={0}
    type="button"
  >
    <span
      className="MuiButton-label"
    >
      Powr√≥t
    </span>
  </button>
</div>
`;
