// Jest Snapshot v1, https://goo.gl/fbAQLP

exports[`Results rendering specification Results is rendered 1`] = `null`;
