// Jest Snapshot v1, https://goo.gl/fbAQLP

exports[`ResultsTable rendering specification ResultsTable is rendered 1`] = `null`;
