// Jest Snapshot v1, https://goo.gl/fbAQLP

exports[`ErrorMsg rendering specification ErrorMsg is rendered 1`] = `
<span
  className="makeStyles-errorMsg-6"
/>
`;
